// Jest Snapshot v1, https://goo.gl/fbAQLP

exports[`SpicetifyColorBridge Behavioral Equivalence Color Generation Parity generateIntelligentColorDistribution() produces exact output: color-distribution-output 1`] = `
{
  "--sn-accent-hex": "#c6a0f6",
  "--sn-accent-rgb": "198, 160, 246",
  "--sn-bg-gradient-accent": "#c6a0f6",
  "--sn-bg-gradient-accent-rgb": "198, 160, 246",
  "--sn-bg-gradient-primary": "#c6a0f6",
  "--sn-bg-gradient-primary-rgb": "198, 160, 246",
  "--sn-bg-gradient-secondary": "#8aadf4",
  "--sn-bg-gradient-secondary-rgb": "138, 173, 244",
  "--sn-color-accent-hex": "#c6a0f6",
  "--sn-color-accent-rgb": "198, 160, 246",
  "--sn-color-extracted-primary-rgb": "198, 160, 246",
  "--sn-color-extracted-secondary-rgb": "138, 173, 244",
  "--sn-color-harmony-analogous-rgb": "202, 211, 245",
  "--sn-color-harmony-complementary-rgb": "36, 39, 58",
  "--sn-color-harmony-triadic-rgb": "246, 198, 160",
  "--spice-accent": "#c6a0f6",
  "--spice-base": "#4f4062",
  "--spice-blue": "#f6c6a0",
  "--spice-button-active": "#c6a0f6",
  "--spice-cinematic-cyan": "#28ffff",
  "--spice-cinematic-red": "#ff3031",
  "--spice-cinematic-yellow": "#ffff4a",
  "--spice-crust": "#635476",
  "--spice-flamingo": "#da96f1",
  "--spice-green": "#b7ff8c",
  "--spice-highlight": "#cad3f5",
  "--spice-highlight-elevated": "#9cb9f6",
  "--spice-holographic-accent": "#e6f6a0",
  "--spice-holographic-glow": "#eff2fc",
  "--spice-holographic-primary": "#c699ff",
  "--spice-lavender": "#d4ceff",
  "--spice-main": "#4f4062",
  "--spice-main-elevated": "#776094",
  "--spice-mantle": "#594a6c",
  "--spice-maroon": "#3d1830",
  "--spice-mauve": "#a0d0f6",
  "--spice-misc": "#8aadf4",
  "--spice-overlay0": "#594a6c",
  "--spice-overlay1": "#635476",
  "--spice-overlay2": "#6e5f81",
  "--spice-particle-core": "#c6a0f6",
  "--spice-particle-glow": "#cad3f5",
  "--spice-particle-trail": "#24273a",
  "--spice-peach": "#b5c3e7",
  "--spice-pink": "#e48cec",
  "--spice-press": "#24273a",
  "--spice-red": "#edbae6",
  "--spice-rgb-accent": "198, 160, 246",
  "--spice-rgb-base": "79, 64, 98",
  "--spice-rgb-blue": "246, 198, 160",
  "--spice-rgb-button-active": "198, 160, 246",
  "--spice-rgb-cinematic-cyan": "40, 255, 255",
  "--spice-rgb-cinematic-red": "255, 48, 49",
  "--spice-rgb-cinematic-yellow": "255, 255, 74",
  "--spice-rgb-crust": "99, 84, 118",
  "--spice-rgb-flamingo": "218, 150, 241",
  "--spice-rgb-green": "183, 255, 140",
  "--spice-rgb-highlight": "202, 211, 245",
  "--spice-rgb-highlight-elevated": "156, 185, 246",
  "--spice-rgb-holographic-accent": "230, 246, 160",
  "--spice-rgb-holographic-glow": "239, 242, 252",
  "--spice-rgb-holographic-primary": "198, 153, 255",
  "--spice-rgb-lavender": "212, 206, 255",
  "--spice-rgb-main": "79, 64, 98",
  "--spice-rgb-main-elevated": "119, 96, 148",
  "--spice-rgb-mantle": "89, 74, 108",
  "--spice-rgb-maroon": "61, 24, 48",
  "--spice-rgb-mauve": "160, 208, 246",
  "--spice-rgb-misc": "138, 173, 244",
  "--spice-rgb-overlay0": "89, 74, 108",
  "--spice-rgb-overlay1": "99, 84, 118",
  "--spice-rgb-overlay2": "110, 95, 129",
  "--spice-rgb-particle-core": "198, 160, 246",
  "--spice-rgb-particle-glow": "202, 211, 245",
  "--spice-rgb-particle-trail": "36, 39, 58",
  "--spice-rgb-peach": "181, 195, 231",
  "--spice-rgb-pink": "228, 140, 236",
  "--spice-rgb-press": "36, 39, 58",
  "--spice-rgb-red": "237, 186, 230",
  "--spice-rgb-rosewater": "153, 165, 244",
  "--spice-rgb-sapphire": "226, 188, 185",
  "--spice-rgb-shimmer-primary": "246, 198, 160",
  "--spice-rgb-shimmer-quaternary": "198, 160, 246",
  "--spice-rgb-shimmer-secondary": "160, 208, 246",
  "--spice-rgb-shimmer-tertiary": "208, 246, 160",
  "--spice-rgb-sidebar": "138, 173, 244",
  "--spice-rgb-sky": "216, 208, 190",
  "--spice-rgb-subtext": "165, 173, 203",
  "--spice-rgb-surface0": "119, 96, 148",
  "--spice-rgb-surface1": "138, 173, 244",
  "--spice-rgb-surface2": "156, 185, 246",
  "--spice-rgb-teal": "208, 246, 160",
  "--spice-rgb-text": "202, 211, 245",
  "--spice-rgb-yellow": "186, 210, 216",
  "--spice-rosewater": "#99a5f4",
  "--spice-sapphire": "#e2bcb9",
  "--spice-shimmer-primary": "#f6c6a0",
  "--spice-shimmer-quaternary": "#c6a0f6",
  "--spice-shimmer-secondary": "#a0d0f6",
  "--spice-shimmer-tertiary": "#d0f6a0",
  "--spice-sidebar": "#8aadf4",
  "--spice-sky": "#d8d0be",
  "--spice-subtext": "#A5ADCB",
  "--spice-surface0": "#776094",
  "--spice-surface1": "#8aadf4",
  "--spice-surface2": "#9cb9f6",
  "--spice-teal": "#d0f6a0",
  "--spice-text": "#CAD3F5",
  "--spice-yellow": "#bad2d8",
}
`;
